19:57:16 start core__superconduct
19:57:16 start ridge__superconduct
19:57:16 start cfg_lat0.03__superconduct
19:57:16 start cfg_lat0.3__superconduct
19:57:16 start cfg_main0.3__superconduct
20:01:51 start cfg_main3__superconduct
20:01:51 start cfg_kappa6__superconduct
20:01:51 start cfg_kappa24__superconduct
20:02:01 start core__housing
20:07:06 start ridge__housing
20:07:21 start cfg_lat0.03__housing
20:07:26 start cfg_lat0.3__housing
20:09:01 start cfg_main0.3__housing
20:10:11 start cfg_main3__housing
20:10:31 start cfg_kappa6__housing
20:10:36 start cfg_kappa24__housing
20:12:06 start core__bike
20:13:16 start ridge__bike
20:13:31 start cfg_lat0.03__bike
20:13:41 start cfg_lat0.3__bike
20:13:56 start cfg_main0.3__bike
20:14:21 start cfg_main3__bike
20:14:31 start cfg_kappa6__bike
20:14:51 start cfg_kappa24__bike
20:15:16 start core__powerplant
20:15:21 start ridge__powerplant
20:15:21 start cfg_lat0.03__powerplant
20:15:46 start cfg_lat0.3__powerplant
20:15:46 start cfg_main0.3__powerplant
20:16:06 start cfg_main3__powerplant
20:16:31 start cfg_kappa6__powerplant
20:16:31 start cfg_kappa24__powerplant
20:16:31 start core__abalone
20:16:52 start ridge__abalone
20:17:07 start cfg_lat0.03__abalone
20:17:17 start cfg_lat0.3__abalone
20:17:17 start cfg_main0.3__abalone
20:17:27 start cfg_main3__abalone
20:17:37 start cfg_kappa6__abalone
20:17:37 start cfg_kappa24__abalone
20:17:37 start core__nutrition
20:17:47 start ridge__nutrition
20:17:57 start cfg_lat0.03__nutrition
20:17:57 start cfg_lat0.3__nutrition
20:18:02 start cfg_main0.3__nutrition
20:18:17 start cfg_main3__nutrition
20:18:17 start cfg_kappa6__nutrition
20:18:17 start cfg_kappa24__nutrition
20:18:22 start core__parkinson
20:18:37 start ridge__parkinson
20:18:37 start cfg_lat0.03__parkinson
20:18:37 start cfg_lat0.3__parkinson
20:19:12 start cfg_main0.3__parkinson
20:19:32 start cfg_main3__parkinson
20:19:32 start cfg_kappa6__parkinson
20:20:07 start cfg_kappa24__parkinson
20:20:27 start ridge__concrete
20:20:27 start cfg_lat0.03__concrete
20:20:37 start cfg_lat0.3__concrete
20:20:42 start cfg_main0.3__concrete
20:20:52 start cfg_main3__concrete
20:20:57 start cfg_kappa6__concrete
20:20:57 start cfg_kappa24__concrete
20:21:02 start core__airfoil
20:21:07 start ridge__airfoil
20:21:07 start cfg_lat0.03__airfoil
20:21:12 start cfg_lat0.3__airfoil
20:21:17 start cfg_main0.3__airfoil
20:21:17 start cfg_main3__airfoil
20:21:23 start cfg_kappa6__airfoil
20:21:23 start cfg_kappa24__airfoil
ALL DONE
