=== method.py: KAPPAS=[0.01, 0.03, 0.1, 0.3, 1.0, 3.0, 10.0, 30.0, 100.0, 300.0, 1000.0, 10000.0] SHIFTS=[-5, -4, -3, -2, -1, 0, 1, 2, 3] PRIORS=('ridge', 'lattice') RULES=('zero', 'harmonic') HARD_ORTHO=True COMMON_KAPPA=True n_candidates/variant=21
analytical sel=shift lattice/harmonic -2 R/var=0.01349 resid_in/var=0.00355 kappa q0,25,50,75,100=0.01, 0.03, 0.1, 0.1, 0.3 N1/n=0.375
           min R/var per variant: ridge/zero=0.01620  ridge/harmonic=0.01403  lattice/zero=0.01567  lattice/harmonic=0.01349
airfoil    sel=shift lattice/harmonic -1 R/var=0.02730 resid_in/var=0.01235 kappa q0,25,50,75,100=0.01, 0.03, 0.1, 0.3, 1000 N1/n=0.301
           min R/var per variant: ridge/zero=0.03099  ridge/harmonic=0.02908  lattice/zero=0.02888  lattice/harmonic=0.02730
concrete   sel=shift lattice/harmonic -2 R/var=0.02053 resid_in/var=0.00216 kappa q0,25,50,75,100=0.01, 0.03, 0.1, 0.1, 0.3 N1/n=0.346
           min R/var per variant: ridge/zero=0.02166  ridge/harmonic=0.02148  lattice/zero=0.02060  lattice/harmonic=0.02053
abalone    sel=shift lattice/harmonic -3 R/var=0.04657 resid_in/var=0.00634 kappa q0,25,50,75,100=0.01, 0.03, 0.03, 0.1, 1 N1/n=0.162
           min R/var per variant: ridge/zero=0.04873  ridge/harmonic=0.04658  lattice/zero=0.04865  lattice/harmonic=0.04657
=== method_no_shrinkage_direct_solver_only.py: KAPPAS=[0.01] SHIFTS=[0] PRIORS=('ridge', 'lattice') RULES=('zero', 'harmonic') HARD_ORTHO=True COMMON_KAPPA=True n_candidates/variant=2
analytical sel=shift lattice/harmonic +0 R/var=0.01396 resid_in/var=0.00303 kappa q0,25,50,75,100=0.01, 0.01, 0.01, 0.01, 0.01 N1/n=0.375
           min R/var per variant: ridge/zero=0.01621  ridge/harmonic=0.01411  lattice/zero=0.01598  lattice/harmonic=0.01396
airfoil    sel=shift lattice/harmonic +0 R/var=0.02919 resid_in/var=0.01012 kappa q0,25,50,75,100=0.01, 0.01, 0.01, 0.01, 0.01 N1/n=0.301
           min R/var per variant: ridge/zero=0.03174  ridge/harmonic=0.02985  lattice/zero=0.03070  lattice/harmonic=0.02919
concrete   sel=shift lattice/zero +0 R/var=0.02146 resid_in/var=0.00162 kappa q0,25,50,75,100=0.01, 0.01, 0.01, 0.01, 0.01 N1/n=0.346
           min R/var per variant: ridge/zero=0.02232  ridge/harmonic=0.02255  lattice/zero=0.02146  lattice/harmonic=0.02155
abalone    sel=shift lattice/harmonic +0 R/var=0.04757 resid_in/var=0.00496 kappa q0,25,50,75,100=0.01, 0.01, 0.01, 0.01, 0.01 N1/n=0.162
           min R/var per variant: ridge/zero=0.05064  ridge/harmonic=0.04837  lattice/zero=0.04971  lattice/harmonic=0.04757
=== method_no_lattice_prior_ridge_zero_only.py: KAPPAS=[0.01, 0.03, 0.1, 0.3, 1.0, 3.0, 10.0, 30.0, 100.0, 300.0, 1000.0, 10000.0] SHIFTS=[-5, -4, -3, -2, -1, 0, 1, 2, 3] PRIORS=('ridge',) RULES=('zero',) HARD_ORTHO=True COMMON_KAPPA=True n_candidates/variant=21
analytical sel=common ridge/zero +1 R/var=0.01620 resid_in/var=0.00299 kappa q0,25,50,75,100=0.03, 0.03, 0.03, 0.03, 0.03 N1/n=0.375
           min R/var per variant: ridge/zero=0.01620
airfoil    sel=shift ridge/zero -2 R/var=0.03099 resid_in/var=0.01076 kappa q0,25,50,75,100=0.01, 0.03, 0.1, 0.1, 300 N1/n=0.301
           min R/var per variant: ridge/zero=0.03099
concrete   sel=shift ridge/zero -2 R/var=0.02166 resid_in/var=0.00201 kappa q0,25,50,75,100=0.01, 0.1, 0.1, 0.3, 1 N1/n=0.346
           min R/var per variant: ridge/zero=0.02166
abalone    sel=shift ridge/zero -3 R/var=0.04873 resid_in/var=0.00590 kappa q0,25,50,75,100=0.01, 0.03, 0.03, 0.1, 1 N1/n=0.162
           min R/var per variant: ridge/zero=0.04873
=== method_no_ensemble_level_kappa_step.py: KAPPAS=[0.01, 0.03, 0.1, 0.3, 1.0, 3.0, 10.0, 30.0, 100.0, 300.0, 1000.0, 10000.0] SHIFTS=[0] PRIORS=('ridge', 'lattice') RULES=('zero', 'harmonic') HARD_ORTHO=True COMMON_KAPPA=False n_candidates/variant=1
analytical sel=shift lattice/harmonic +0 R/var=0.01503 resid_in/var=0.00620 kappa q0,25,50,75,100=0.01, 0.3, 1, 1, 3 N1/n=0.375
           min R/var per variant: ridge/zero=0.01984  ridge/harmonic=0.01681  lattice/zero=0.01760  lattice/harmonic=0.01503
airfoil    sel=shift lattice/harmonic +0 R/var=0.02847 resid_in/var=0.01526 kappa q0,25,50,75,100=0.01, 0.1, 0.3, 1, 10000 N1/n=0.301
           min R/var per variant: ridge/zero=0.03510  ridge/harmonic=0.03155  lattice/zero=0.03047  lattice/harmonic=0.02847
concrete   sel=shift lattice/harmonic +0 R/var=0.02378 resid_in/var=0.00586 kappa q0,25,50,75,100=0.01, 0.3, 1, 1, 3 N1/n=0.346
           min R/var per variant: ridge/zero=0.02666  ridge/harmonic=0.02675  lattice/zero=0.02394  lattice/harmonic=0.02378
abalone    sel=shift lattice/harmonic +0 R/var=0.05737 resid_in/var=0.02074 kappa q0,25,50,75,100=0.1, 1, 1, 3, 30 N1/n=0.162
           min R/var per variant: ridge/zero=0.06016  ridge/harmonic=0.05747  lattice/zero=0.05946  lattice/harmonic=0.05737
=== method_soft_orthogonality_rows.py: KAPPAS=[0.01, 0.03, 0.1, 0.3, 1.0, 3.0, 10.0, 30.0, 100.0, 300.0, 1000.0, 10000.0] SHIFTS=[-5, -4, -3, -2, -1, 0, 1, 2, 3] PRIORS=('ridge', 'lattice') RULES=('zero', 'harmonic') HARD_ORTHO=False COMMON_KAPPA=True n_candidates/variant=21
analytical sel=shift lattice/harmonic -2 R/var=0.01348 resid_in/var=0.00357 kappa q0,25,50,75,100=0.01, 0.03, 0.1, 0.1, 0.3 N1/n=0.375
           min R/var per variant: ridge/zero=0.01619  ridge/harmonic=0.01404  lattice/zero=0.01567  lattice/harmonic=0.01348
airfoil    sel=shift lattice/harmonic -1 R/var=0.02726 resid_in/var=0.01235 kappa q0,25,50,75,100=0.01, 0.03, 0.1, 0.3, 1000 N1/n=0.301
           min R/var per variant: ridge/zero=0.03093  ridge/harmonic=0.02902  lattice/zero=0.02883  lattice/harmonic=0.02726
concrete   sel=shift lattice/harmonic -2 R/var=0.02043 resid_in/var=0.00242 kappa q0,25,50,75,100=0.01, 0.03, 0.1, 0.1, 0.3 N1/n=0.346
           min R/var per variant: ridge/zero=0.02154  ridge/harmonic=0.02136  lattice/zero=0.02055  lattice/harmonic=0.02043
abalone    sel=shift ridge/harmonic -3 R/var=0.04641 resid_in/var=0.00617 kappa q0,25,50,75,100=0.01, 0.03, 0.1, 0.3, 1 N1/n=0.162
           min R/var per variant: ridge/zero=0.04805  ridge/harmonic=0.04641  lattice/zero=0.04828  lattice/harmonic=0.04651
=== method_zero_rule_only.py: KAPPAS=[0.01, 0.03, 0.1, 0.3, 1.0, 3.0, 10.0, 30.0, 100.0, 300.0, 1000.0, 10000.0] SHIFTS=[-5, -4, -3, -2, -1, 0, 1, 2, 3] PRIORS=('ridge', 'lattice') RULES=('zero',) HARD_ORTHO=True COMMON_KAPPA=True n_candidates/variant=21
analytical sel=shift lattice/zero -2 R/var=0.01567 resid_in/var=0.00353 kappa q0,25,50,75,100=0.01, 0.03, 0.1, 0.1, 0.3 N1/n=0.375
           min R/var per variant: ridge/zero=0.01620  lattice/zero=0.01567
airfoil    sel=shift lattice/zero -1 R/var=0.02888 resid_in/var=0.01253 kappa q0,25,50,75,100=0.01, 0.0825, 0.1, 0.3, 1000 N1/n=0.301
           min R/var per variant: ridge/zero=0.03099  lattice/zero=0.02888
concrete   sel=shift lattice/zero -2 R/var=0.02060 resid_in/var=0.00216 kappa q0,25,50,75,100=0.01, 0.03, 0.1, 0.1, 0.3 N1/n=0.346
           min R/var per variant: ridge/zero=0.02166  lattice/zero=0.02060
abalone    sel=shift lattice/zero -3 R/var=0.04865 resid_in/var=0.00634 kappa q0,25,50,75,100=0.01, 0.025, 0.03, 0.1, 1 N1/n=0.162
           min R/var per variant: ridge/zero=0.04873  lattice/zero=0.04865
ALL_DONE
