[2026-09-27 20:30:45] start  dry=False cfg={'lim_rounds': 3, 'n_seed': 4, 'max_rounds': 2, 'successes': 2, 'n_eng': 2, 'n_abl': 1, 'n_peer': 2, 'review_threshold': 8, 'n_meta': 1, 'max_hours': 12, 'max_calls': 110, 'agent_timeout': 3600}
[2026-09-27 20:35:58] agent limitation_extractor {"limitations": [{"title": "Prediction-time fallback for unseen interaction cells is non-deterministic and uses a distance metric that ignores actual split geometry", "evidence": "cartesian_partition.py:208-217 (predict_partition): when a test point's interaction cell was empty in training, the code
[2026-09-27 20:37:14] agent limitation_verifier {"decision": "sufficient", "feedback": "The set covers the four required axes with concrete, code-anchored evidence and each maps to a distinct, non-tuning fix: (1) main estimator quality — L2 (unchecked lsqr convergence in tree.py:115) and L3 (no shrinkage for sparsely populated cells, quantified v
[2026-09-27 20:41:14] agent idea_generator {"ideas": [{"title": "Ensemble-level re-orthogonalization on the union-of-splits partition (sum-preserving, cross-fitted smoothed projection)", "addresses": ["The piecewise-constant density approximation leaves an irreducible bias at the fixed, shallow tree depth used in the benchmark", "Spurious in
[2026-09-27 20:43:13] agent novelty_checker {"novelty": 3, "closest": [{"title": "Purifying Interaction Effects with the Functional ANOVA: An Efficient Algorithm for Recovering Identifiable Additive Models (Lengerich, Tan, Chang, Hooker, Caruana; AISTATS 2020)", "url": "https://arxiv.org/abs/1911.04974", "overlap": "This is an exact, sum-pres
[2026-09-27 20:45:27] agent novelty_checker {"novelty": 5, "closest": [{"title": "Apley, D. W. and Zhu, J. (2020), \"Visualizing the Effects of Predictor Variables in Black Box Supervised Learning Models\" (Accumulated Local Effects, ALE), J. R. Statist. Soc. B", "url": "https://christophm.github.io/interpretable-ml-book/ale.html", "overlap":
[2026-09-27 20:52:46] agent idea_generator {"ideas": [{"title": "Conditional-probability-enriched TreeHFD (CPE-HFD): a measure-adapted, piecewise-smooth basis replacing the within-cell constant-density approximation", "addresses": ["The piecewise-constant density approximation leaves an irreducible bias at the fixed, shallow tree depth used 
[2026-09-27 20:54:52] agent novelty_checker {"novelty": 3, "closest": [{"title": "Generalized Functional ANOVA in Closed-Form: A Unified View of Additive Explanations (Ferrere, Bousquet, Gamboa, Loubes, 2026, arXiv:2605.18422)", "url": "https://arxiv.org/abs/2605.18422", "overlap": "Targets exactly the same problem S3 is motivated by: a piece
[2026-09-27 20:56:16] agent novelty_checker {"novelty": 6, "closest": [{"title": "Hierarchical Shrinkage: Improving the Accuracy and Interpretability of Tree-Based Methods (Agarwal, Tan, Ronen, Singh, Yu; ICML 2022, arXiv:2202.00858)", "url": "https://arxiv.org/abs/2202.00858", "overlap": "Core mechanism match: post-hoc shrinkage of tree-deri
[2026-09-27 21:20:26] agent coder You've hit your session limit · resets 10:40pm (Asia/Shanghai)
[2026-09-27 21:20:26] summary  调用 9 次，折算成本 $9.93
Traceback (most recent call last):
  File "<ROOT>/orchestrator.py", line 624, in <module>
    main()
    ~~~~^^
  File "<ROOT>/orchestrator.py", line 582, in main
    traces = stage_idea_loop(run, seeds, base_sub, base_full)
  File "<ROOT>/orchestrator.py", line 369, in stage_idea_loop
    traces.append(implement_idea(run, c, base_sub, base_full))
                  ~~~~~~~~~~~~~~^^^^^^^^^^^^^^^^^^^^^^^^^^^^^
  File "<ROOT>/orchestrator.py", line 348, in implement_idea
    return run.step(f"idea_{iid}", go)
           ~~~~~~~~^^^^^^^^^^^^^^^^^^^
  File "<ROOT>/orchestrator.py", line 85, in step
    val = fn()
  File "<ROOT>/orchestrator.py", line 325, in go
    run.agent("coder", ws, STRONG, CODE, IDEA=idea)
    ~~~~~~~~~^^^^^^^^^^^^^^^^^^^^^^^^^^^^^^^^^^^^^^
  File "<ROOT>/orchestrator.py", line 124, in agent
    raise RuntimeError(f"{role} 没有返回可解析的 JSON：{reply[-500:]}")
RuntimeError: coder 没有返回可解析的 JSON：You've hit your session limit · resets 10:40pm (Asia/Shanghai)
[2026-09-27 22:42:01] start  dry=False cfg={'lim_rounds': 3, 'n_seed': 4, 'max_rounds': 2, 'successes': 2, 'n_eng': 2, 'n_abl': 1, 'n_peer': 2, 'review_threshold': 8, 'n_meta': 1, 'max_hours': 12, 'max_calls': 110, 'agent_timeout': 3600}
[2026-09-27 23:10:19] agent coder {"status": "implemented", "summary": "GT-LOCO TreeHFD in lib/gtloco.py (method.py interface unchanged). Per tree: vectorised TreeHFD normal equations; exact hierarchical orthogonality via per-pair null-space parameterisation (addition not in the idea); Tikhonov penalty lambda = kappa/n with two prio
[2026-09-27 23:11:08] eval  subset <ROOT>/runs/treehfd-01/ideas/S4/method.py 50s errors=[]
[2026-09-27 23:12:48] agent subset_critic {"decision": "refine", "feedback": "Mechanism is real (self-supervised shrinkage clearly reduces resid_out: -16.8% analytical, -14.8% airfoil, -15.8% concrete, -48.5% abalone) and the engineering is solid — no red-line issues found (no labels/test data in lib/gtloco.py, no model retraining, no RNG, 
[2026-09-27 23:32:10] agent engineer {"status": "done", "changes": "The decomposition itself is unchanged: the subset self-test reproduces every official metric to all printed digits (compare.py ratio 1.000; fit_s within 1%), and the full-mode rerun (no errors) matches the previous full run exactly on every metric except fit_s (0.16-1.
[2026-09-27 23:33:00] eval  subset <ROOT>/runs/treehfd-01/ideas/S4/method.py 50s errors=[]
[2026-09-27 23:33:56] agent subset_critic {"decision": "good", "feedback": "Verified: fit() only touches X_train and the model's own per-tree outputs (tree_predictions = self._tree_predict(X) from the unmodified baseline XGBTreeHFD base class) — no labels, no test data, no RNG, no retraining/re-seeding of the XGBoost model. subset_1.json re
[2026-09-27 23:39:53] eval  full <ROOT>/runs/treehfd-01/ideas/S4/method.py 357s errors=[]
[2026-09-27 23:41:35] agent fullset_critic {"decision": "good", "feedback": "Verified full_0.json against the table and against baseline/full.json — all values match. The primary generalization metrics win broadly and are not gamed (fixed global hyperparameters, self-supervised selection from X_train/tree outputs only, no per-dataset tuning)
[2026-09-28 00:08:45] agent coder {"status": "implemented", "summary": "Implemented idea S2 (model-anchored smoothed-measure TreeHFD) in lib/smoothed_hfd.py, called from method.py with the benchmark interface unchanged. The raw training measure P_n is replaced by a deterministic coordinate-wise kernel smoother: mu~ = (1-alpha) P_n +
[2026-09-28 00:09:07] eval  subset <ROOT>/runs/treehfd-01/ideas/S2/method.py 22s errors=[]
[2026-09-28 00:09:13] wait  订阅用量上限，等待 214 分钟后重试：You've hit your session limit · resets 3:40am (Asia/Shanghai)
[2026-09-28 03:44:17] agent subset_critic {"decision": "refine", "feedback": "No red-line issues: fit/predict never touch y, X_test, or RNG; the alpha cross-fit uses only X_train and the model's own margin (T is queried, not labels), and the method is bit-deterministic (NOTES.md/dev/checks.py). The solver-convergence + sparse-assembly + det
[2026-09-28 04:11:26] agent engineer {"status": "done", "changes": "Diagnosis first. The ortho regression is entirely cross-tree covariance: cov(eta_jk^t, eta_j^t') with t != t' (dev/orthodiag.py). The per-tree orthogonality part is <=0.001 on training points and <=0.005 on test points at alpha=0.35, in both baseline-equivalent and S2 
[2026-09-28 04:11:47] eval  subset <ROOT>/runs/treehfd-01/ideas/S2/method.py 21s errors=[]
[2026-09-28 04:14:29] agent subset_critic {"decision": "refine", "feedback": "No red-line violations found: method.py/lib only reads the fitted booster and X_train (fit(model, X_train)), never labels or test inputs; the alpha cross-fit scores tree.output() on held-out *training* rows, not held-out labels; treehfd_mod is an untouched copy us
[2026-09-28 04:26:41] agent engineer {"status": "done", "changes": "Implemented the critic's suggestion as NEW_PAIR_CELLS in lib/smoothed_hfd.py. 'drop' is the new default: a shifted copy is rejected for tree t if it would put any of t's interactions into a pair cell without empirical mass, and its mass stays on the original point. Pai
[2026-09-28 04:27:02] eval  subset <ROOT>/runs/treehfd-01/ideas/S2/method.py 21s errors=[]
[2026-09-28 04:29:22] agent subset_critic {"decision": "refine", "feedback": "Legit, well-engineered work (verified: no y/X_test leakage, tree targets read directly from the fixed booster's trees_to_dataframe, deterministic, fit_s well within the 5x budget, istop checked with fallback). resid_out is the headline win and it is real and large
[2026-09-28 04:34:19] agent idea_evolver {"ideas": [{"title": "Anchored GT-LOCO: a model-anchored Gaussian prior (the fixed tree's exact outputs on neighbour-bin virtual atoms) inside hard-orthogonal TreeHFD, with the prior strength chosen by the Good-Turing leave-one-out risk", "addresses": ["S4: resid_in rises by +25% to +69% on airfoil,
[2026-09-28 04:53:49] wait  订阅用量上限，等待 229 分钟后重试：You've hit your session limit · resets 8:40am (Asia/Shanghai)
[2026-09-28 16:57:52] autopilot 评测协议不一致，不续跑：
[2026-09-28 16:59:02] autopilot 启动编排器（star-of-wind）
[2026-09-28 16:59:02] downtime  上次心跳在 8.2 小时前（原来的 Mac（macOS arm64），stopped），这段时间不计入预算
[2026-09-28 16:59:12] start  dry=False host=star-of-wind env=22b414443084 cfg={'lim_rounds': 3, 'n_seed': 4, 'max_rounds': 2, 'successes': 2, 'n_eng': 2, 'n_abl': 1, 'n_peer': 2, 'review_threshold': 8, 'n_meta': 1, 'max_hours': 12, 'max_calls': 110, 'agent_timeout': 3600}
[2026-09-28 16:59:12] baseline  评测环境 22b414443084 还没有基线，先在本机跑原版 TreeHFD（subset）
[2026-09-28 17:01:32] eval  subset <ROOT>/bench/baseline_method.py 140s errors=[]
[2026-09-28 17:01:32] baseline  评测环境 22b414443084 还没有基线，先在本机跑原版 TreeHFD（full）
[2026-09-28 17:20:01] eval  full <ROOT>/bench/baseline_method.py 1108s errors=[]
[2026-09-28 17:20:01] stop  发现 STOP 文件，存档后停下
[2026-09-28 17:20:01] summary  调用 22 次，折算成本 $30.70，状态 stopped
[checkpoint] 编排器退出：stopped → pushed
[2026-09-28 17:20:07] autopilot 编排器正常结束（完成、预算用尽或按 STOP 停下），推送后退出
[2026-09-28 17:20:12] autopilot 推送结果：pushed
[2026-09-28 17:21:36] autopilot 启动编排器（star-of-wind）
[2026-09-28 17:21:47] start  dry=False host=star-of-wind env=22b414443084 cfg={'lim_rounds': 3, 'n_seed': 4, 'max_rounds': 2, 'successes': 2, 'n_eng': 2, 'n_abl': 1, 'n_peer': 2, 'review_threshold': 8, 'n_meta': 1, 'max_hours': 12, 'max_calls': 110, 'agent_timeout': 3600}
[2026-09-28 17:23:56] eval  subset <ROOT>/runs/treehfd-01/ideas/S4/method.py 128s errors=[]
[2026-09-28 17:23:56] rebase  subset_env-22b414443084.json 重算用时 2.1 分钟，不计入预算
[2026-09-28 17:23:56] rebase  S4 的全量结果来自评测环境 legacy，在本机环境 22b414443084 用同一份代码重跑（method.py 与原结果记录的哈希一致）
[2026-09-28 17:37:13] eval  full <ROOT>/runs/treehfd-01/ideas/S4/method.py 798s errors=[]
[2026-09-28 17:37:13] rebase  full_env-22b414443084.json 重算用时 13.3 分钟，不计入预算
[checkpoint] 定时存档 → pushed
[checkpoint] 定时存档 → pushed
[2026-09-28 18:38:21] agent coder {"status": "implemented", "summary": "E1 (Anchored GT-LOCO) is implemented in lib/agtloco.py, starting from S4's GT-LOCO. Per tree it adds a model-anchored Gaussian prior: virtual atoms are neighbour-bin copies of X_train on the ensemble union-of-splits grid, kept only if they move a tree main bin a
[2026-09-28 18:42:49] eval  subset <ROOT>/runs/treehfd-01/ideas/E1/method.py 268s errors=[]
[2026-09-28 18:43:59] agent subset_critic {"decision": "refine", "feedback": "The subset table and the author's own NOTES.md are consistent, and the pre-registered checks (a)/(b) were largely carried through (rho=0 reproduces S4 bit-for-bit; brute-force LOO checks pass within ~5-10%), so there's no evidence of a red-line violation or a rigg
[checkpoint] 定时存档 → pushed
[checkpoint] 用量已到 90.0%（7 天窗口 23.0%），额度用尽前先存档 → pushed
[checkpoint] 用量已到 91.0%（7 天窗口 23.0%），额度用尽前先存档 → pushed
[checkpoint] 用量已到 95.0%（7 天窗口 23.0%），额度用尽前先存档 → pushed
[checkpoint] 用量已到 100.0%（7 天窗口 23.0%），额度用尽前先存档 → pushed
[2026-09-28 19:05:40] wait  订阅用量上限，等待 47 分钟后重试：You've hit your session limit · resets 7:50pm (Asia/Shanghai)
[checkpoint] 撞到订阅用量上限，预计 09-28 19:53 重置 → pushed
[checkpoint] 定时存档 → pushed
[checkpoint] 定时存档 → pushed
tep 等步骤 idea_E1 完成后停下编排器并重启 autopilot（当前 autopilot 进程 20096）
