[harness] full 模式评测 <ROOT>\runs\treehfd-01\ideas\S4\ablations\method_soft_orthogonality_rows.py
  analytical rep 1/10: eta12=0.0325 eta1=0.0280
  analytical rep 2/10: eta12=0.0312 eta1=0.0274
  analytical rep 3/10: eta12=0.0329 eta1=0.0257
  analytical rep 4/10: eta12=0.0274 eta1=0.0344
  analytical rep 5/10: eta12=0.0285 eta1=0.0232
  analytical rep 6/10: eta12=0.0307 eta1=0.0406
  analytical rep 7/10: eta12=0.0355 eta1=0.0225
  analytical rep 8/10: eta12=0.0262 eta1=0.0277
  analytical rep 9/10: eta12=0.0277 eta1=0.0309
  analytical rep 10/10: eta12=0.0308 eta1=0.0257
  abalone: resid_in=0.0062 resid_out=0.0203 ortho_in=0.03171676367313504 locvar=0.002976 fit=29.8s
  airfoil: resid_in=0.0124 resid_out=0.0224 ortho_in=0.007168688908315664 locvar=4.783e-05 fit=6.5s
  bike: resid_in=0.0214 resid_out=0.0246 ortho_in=0.013228761174302986 locvar=0.0002792 fit=62.9s
  housing: resid_in=0.0112 resid_out=0.0140 ortho_in=0.02916390890060365 locvar=0.001275 fit=201.1s
  concrete: resid_in=0.0024 resid_out=0.0209 ortho_in=0.01401963967575873 locvar=0.01111 fit=16.2s
  nutrition: resid_in=0.0300 resid_out=0.0722 ortho_in=0.029568595771180213 locvar=0.002524 fit=21.8s
  parkinson: resid_in=0.0073 resid_out=0.0096 ortho_in=0.08273982317864095 locvar=0.004384 fit=94.4s
  powerplant: resid_in=0.0007 resid_out=0.0011 ortho_in=None locvar=0.0005208 fit=45.9s
  superconduct: resid_in=0.0102 resid_out=0.0091 ortho_in=None locvar=0.0006459 fit=259.7s
[harness] 完成，用时 1312s，错误 []
