[harness] full 模式评测 D:\scientisttwo-lite\runs\treehfd-01\ideas\S4r1\attribution\method_base_exact_harmonic.py
  analytical rep 1/10: eta12=0.0353 eta1=0.0281
  analytical rep 2/10: eta12=0.0345 eta1=0.0270
  analytical rep 3/10: eta12=0.0341 eta1=0.0261
  analytical rep 4/10: eta12=0.0286 eta1=0.0344
  analytical rep 5/10: eta12=0.0292 eta1=0.0227
  analytical rep 6/10: eta12=0.0321 eta1=0.0402
  analytical rep 7/10: eta12=0.0371 eta1=0.0214
  analytical rep 8/10: eta12=0.0270 eta1=0.0276
  analytical rep 9/10: eta12=0.0289 eta1=0.0310
  analytical rep 10/10: eta12=0.0318 eta1=0.0255
  abalone: resid_in=0.0045 resid_out=0.0737 ortho_in=0.04005427169705287 locvar=0.002625 fit=39.4s
  airfoil: resid_in=0.0098 resid_out=0.0260 ortho_in=0.009667346768714613 locvar=5.198e-05 fit=8.5s
  bike: resid_in=0.0213 resid_out=0.0247 ortho_in=0.013374876347413637 locvar=0.0003434 fit=120.4s
  housing: resid_in=0.0100 resid_out=0.0155 ortho_in=0.02796750622706601 locvar=0.001775 fit=254.4s
  concrete: resid_in=0.0015 resid_out=0.0244 ortho_in=0.0063636683041364325 locvar=0.01253 fit=14.5s
  nutrition: resid_in=0.0179 resid_out=0.0980 ortho_in=0.016257262814809947 locvar=0.00284 fit=19.7s
  parkinson: resid_in=0.0072 resid_out=0.0096 ortho_in=0.0820454118732525 locvar=0.004713 fit=93.6s
  powerplant: resid_in=0.0006 resid_out=0.0011 ortho_in=None locvar=0.0005291 fit=40.8s
  superconduct: resid_in=0.0101 resid_out=0.0091 ortho_in=None locvar=0.0006657 fit=315.2s
[harness] 完成，用时 1454s，错误 []
