[harness] full 模式评测 D:\scientisttwo-lite\runs\treehfd-01\ideas\S4r1\attribution\method_base_lsqr_harmonic.py
  analytical rep 1/10: eta12=0.0353 eta1=0.0281
  analytical rep 2/10: eta12=0.0345 eta1=0.0270
  analytical rep 3/10: eta12=0.0341 eta1=0.0261
  analytical rep 4/10: eta12=0.0286 eta1=0.0344
  analytical rep 5/10: eta12=0.0292 eta1=0.0227
  analytical rep 6/10: eta12=0.0321 eta1=0.0402
  analytical rep 7/10: eta12=0.0371 eta1=0.0214
  analytical rep 8/10: eta12=0.0270 eta1=0.0276
  analytical rep 9/10: eta12=0.0289 eta1=0.0310
  analytical rep 10/10: eta12=0.0317 eta1=0.0255
  abalone: resid_in=0.0046 resid_out=0.0412 ortho_in=0.026804009670223346 locvar=0.00256 fit=22.7s
  airfoil: resid_in=0.0098 resid_out=0.0260 ortho_in=0.009668581126244455 locvar=5.199e-05 fit=5.0s
  bike: resid_in=0.0213 resid_out=0.0247 ortho_in=0.013374760789686161 locvar=0.0003446 fit=75.1s
  housing: resid_in=0.0100 resid_out=0.0155 ortho_in=0.027975901033211792 locvar=0.001796 fit=207.8s
  concrete: resid_in=0.0015 resid_out=0.0243 ortho_in=0.006358770793211985 locvar=0.01249 fit=11.3s
  nutrition: resid_in=0.0179 resid_out=0.0979 ortho_in=0.01622310523659369 locvar=0.002818 fit=16.5s
  parkinson: resid_in=0.0072 resid_out=0.0095 ortho_in=0.08200709666235434 locvar=0.00469 fit=82.7s
  powerplant: resid_in=0.0006 resid_out=0.0011 ortho_in=None locvar=0.0005291 fit=20.5s
  superconduct: resid_in=0.0101 resid_out=0.0091 ortho_in=None locvar=0.0006625 fit=612.7s
[harness] 完成，用时 1375s，错误 []
