[harness] full 模式评测 <ROOT>\runs\treehfd-01\ideas\S4r1\attribution\method_gtloco_k0_lattice_harmonic.py
  analytical rep 1/10: eta12=0.0344 eta1=0.0281
  analytical rep 2/10: eta12=0.0328 eta1=0.0271
  analytical rep 3/10: eta12=0.0337 eta1=0.0260
  analytical rep 4/10: eta12=0.0276 eta1=0.0341
  analytical rep 5/10: eta12=0.0285 eta1=0.0226
  analytical rep 6/10: eta12=0.0312 eta1=0.0402
  analytical rep 7/10: eta12=0.0366 eta1=0.0215
  analytical rep 8/10: eta12=0.0265 eta1=0.0276
  analytical rep 9/10: eta12=0.0289 eta1=0.0307
  analytical rep 10/10: eta12=0.0305 eta1=0.0256
  abalone: resid_in=0.0046 resid_out=0.0401 ortho_in=0.030306395777979944 locvar=0.002656 fit=9.4s
  airfoil: resid_in=0.0098 resid_out=0.0234 ortho_in=0.009936335372830415 locvar=4.66e-05 fit=2.8s
  bike: resid_in=0.0213 resid_out=0.0247 ortho_in=0.013362066091649957 locvar=0.0003433 fit=26.7s
  housing: resid_in=0.0100 resid_out=0.0156 ortho_in=0.027867026651863355 locvar=0.001656 fit=69.3s
  concrete: resid_in=0.0015 resid_out=0.0248 ortho_in=0.005627525534108536 locvar=0.02178 fit=4.4s
  nutrition: resid_in=0.0179 resid_out=0.1000 ortho_in=0.015598616068376219 locvar=0.002924 fit=7.0s
  parkinson: resid_in=0.0072 resid_out=0.0095 ortho_in=0.0820240855240555 locvar=0.004717 fit=25.6s
  powerplant: resid_in=0.0006 resid_out=0.0011 ortho_in=None locvar=0.0005321 fit=19.6s
  superconduct: resid_in=0.0101 resid_out=0.0091 ortho_in=None locvar=0.0006539 fit=173.0s
[harness] 完成，用时 599s，错误 []
