analytical baseline 0 done
analytical baseline 2 done
analytical baseline 1 done
analytical baseline 3 done
analytical baseline 5 done
analytical baseline 4 done
analytical S4 0 done
analytical baseline 6 done
analytical S4 1 done
analytical baseline 9 done
analytical baseline 7 done
analytical baseline 8 done
analytical S4 2 done
analytical S4 6 done
analytical S4 3 done
analytical S4 5 done
analytical S4 4 done
analytical S4 7 done
abalone S4 1001 done
analytical S4 8 done
abalone S4 1002 done
analytical S4 9 done
abalone baseline 1001 done
abalone S4 1003 done
abalone baseline 1002 done
airfoil baseline 1001 done
abalone S4 1004 done
abalone baseline 1003 done
abalone S4 1005 done
airfoil S4 1001 done
airfoil baseline 1002 done
airfoil S4 1002 done
abalone baseline 1005 done
airfoil baseline 1003 done
airfoil S4 1003 done
airfoil baseline 1004 done
abalone baseline 1004 done
airfoil S4 1004 done
airfoil S4 1005 done
airfoil baseline 1005 done
concrete S4 1001 done
concrete baseline 1001 done
concrete S4 1002 done
concrete baseline 1002 done
concrete S4 1003 done
concrete baseline 1003 done
concrete S4 1004 done
concrete baseline 1004 done
concrete S4 1005 done
concrete baseline 1005 done
nutrition baseline 1001 done
nutrition S4 1001 done
nutrition S4 1002 done
nutrition baseline 1002 done
nutrition baseline 1003 done
nutrition S4 1003 done
nutrition baseline 1004 done
nutrition S4 1004 done
nutrition S4 1005 done
nutrition baseline 1005 done
powerplant baseline 1001 done
powerplant baseline 1002 done
powerplant S4 1001 done
powerplant baseline 1003 done
powerplant S4 1002 done
powerplant S4 1003 done
powerplant baseline 1004 done
powerplant baseline 1005 done
powerplant S4 1004 done
powerplant S4 1005 done
parkinson S4 1001 done
parkinson S4 1002 done
parkinson S4 1003 done
parkinson baseline 1001 done
parkinson baseline 1002 done
parkinson S4 1004 done
parkinson baseline 1003 done
parkinson S4 1005 done
parkinson baseline 1004 done
parkinson baseline 1005 done
housing S4 1001 done
housing S4 1002 done
housing S4 1003 done
housing baseline 1001 done
housing baseline 1002 done
housing baseline 1003 done
bike S4 1001 done
housing S4 1004 done
bike baseline 1001 done
housing S4 1005 done
bike S4 1002 done
housing baseline 1004 done
bike S4 1003 done
bike S4 1004 done
bike baseline 1002 done
housing baseline 1005 done
bike baseline 1003 done
bike S4 1005 done
bike baseline 1004 done
bike baseline 1005 done
all done
