[harness] full 模式评测 <ROOT>/bench/baseline_method.py
  analytical rep 1/10: eta12=0.0366 eta1=0.0282
  analytical rep 2/10: eta12=0.0383 eta1=0.0289
  analytical rep 3/10: eta12=0.0309 eta1=0.0289
  analytical rep 4/10: eta12=0.0350 eta1=0.0244
  analytical rep 5/10: eta12=0.0328 eta1=0.0310
  analytical rep 6/10: eta12=0.0347 eta1=0.0243
  analytical rep 7/10: eta12=0.0318 eta1=0.0349
  analytical rep 8/10: eta12=0.0261 eta1=0.0310
  analytical rep 9/10: eta12=0.0300 eta1=0.0297
  analytical rep 10/10: eta12=0.0327 eta1=0.0273
  abalone: resid_in=0.0046 resid_out=0.0413 ortho_in=0.026798509388950575 locvar=0.002774 fit=11.1s
  airfoil: resid_in=0.0098 resid_out=0.0269 ortho_in=0.009670184627266732 locvar=5.199e-05 fit=1.8s
  bike: resid_in=0.0213 resid_out=0.0246 ortho_in=0.01337447933327898 locvar=0.0003441 fit=31.0s
  housing: resid_in=0.0100 resid_out=0.0154 ortho_in=0.027974339547769973 locvar=0.00165 fit=74.4s
  concrete: resid_in=0.0015 resid_out=0.0250 ortho_in=0.006360678953737788 locvar=0.01249 fit=3.2s
  nutrition: resid_in=0.0179 resid_out=0.0957 ortho_in=0.01621847015061328 locvar=0.00287 fit=4.8s
  parkinson: resid_in=0.0072 resid_out=0.0095 ortho_in=0.08201305333045412 locvar=0.004694 fit=33.1s
  powerplant: resid_in=0.0006 resid_out=0.0011 ortho_in=None locvar=0.0005368 fit=7.7s
  superconduct: resid_in=0.0101 resid_out=0.0091 ortho_in=None locvar=0.0006632 fit=701.3s
[harness] 完成，用时 1202s，错误 []
